// Jest Snapshot v1, https://goo.gl/fbAQLP

exports[`Player should match snapshot 1`] = `
<div
  className="player"
  style={
    Object {
      "backgroundImage": "url(null)",
    }
  }
>
  <audio
    autoPlay={true}
    id="audioPlayer"
    src={undefined}
  />
  <h4
    className="player-general player-author"
  >
    Deezer Player
  </h4>
  <p
    className="player-general player-title"
  >
    
  </p>
  <div
    className="slider-container"
  >
    <div
      className="ant-slider"
      onBlur={[Function]}
      onFocus={[Function]}
      onKeyDown={[Function]}
      onMouseDown={[Function]}
      onMouseUp={[Function]}
      onTouchStart={[Function]}
      style={undefined}
    >
      <div
        className="ant-slider-rail"
        style={Object {}}
      />
      <div
        className="ant-slider-track"
        style={
          Object {
            "left": "0%",
            "width": "0%",
          }
        }
      />
      <div
        className="ant-slider-step"
      />
      <div
        aria-disabled={false}
        aria-valuemax={30}
        aria-valuemin={0}
        aria-valuenow={0}
        className="ant-slider-handle"
        onBlur={[Function]}
        onClick={undefined}
        onContextMenu={undefined}
        onFocus={undefined}
        onKeyDown={[Function]}
        onMouseDown={undefined}
        onMouseEnter={[Function]}
        onMouseLeave={[Function]}
        onTouchStart={undefined}
        role="slider"
        style={
          Object {
            "left": "0%",
          }
        }
        tabIndex={0}
      />
      <div
        className="ant-slider-mark"
      />
    </div>
    <div
      className="slider-duration-container"
    >
      <p>
         
      </p>
      <p>
         
      </p>
    </div>
  </div>
  <div
    className="buttons-container"
  >
    <button
      className="ant-btn"
      onClick={[Function]}
      type="button"
    >
      <i
        className="fas fa-random"
        style={
          Object {
            "color": "grey",
          }
        }
      />
    </button>
    <button
      className="ant-btn ant-btn-circle ant-btn-lg ant-btn-icon-only"
      onClick={[Function]}
      type="button"
    >
      <i
        className="anticon anticon-backward"
      >
        <svg
          aria-hidden="true"
          className=""
          data-icon="backward"
          fill="currentColor"
          height="1em"
          onClick={undefined}
          style={undefined}
          viewBox="0 0 1024 1024"
          width="1em"
        >
          <path
            d="M448.98 106.1L12.68 481.6c-16.9 15.7-16.9 43.3 0 59l436.2 377.3c24.4 22.8 63.1 4.7 63.1-29.5V135.6c.1-34.1-38.6-52.2-63-29.5zM960.98 106.1l-436.3 375.5c-8.4 7.9-12.6 18.7-12.6 29.5s4.2 21.6 12.6 29.5l436.2 377.3c24.4 22.8 63.1 4.7 63.1-29.5V135.6c.1-34.1-38.6-52.2-63-29.5z"
          />
        </svg>
      </i>
    </button>
    <button
      className="ant-btn play-button ant-btn-circle ant-btn-lg ant-btn-icon-only"
      data-testid="play-button"
      disabled={true}
      onClick={[Function]}
      type="button"
    >
      <i
        className="anticon anticon-caret-right"
      >
        <svg
          aria-hidden="true"
          className=""
          data-icon="caret-right"
          fill="currentColor"
          height="1em"
          onClick={undefined}
          style={undefined}
          viewBox="0 0 1024 1024"
          width="1em"
        >
          <path
            d="M392.7 76.3l489.1 403.1a42.53 42.53 0 0 1 0 63.4L392.7 947.7c-27.4 24.4-70.8 5-70.8-31.7V107.9c.1-36.6 43.4-56.1 70.8-31.6z"
          />
        </svg>
      </i>
    </button>
    <button
      className="ant-btn ant-btn-circle ant-btn-lg ant-btn-icon-only"
      onClick={[Function]}
      type="button"
    >
      <i
        className="anticon anticon-forward"
      >
        <svg
          aria-hidden="true"
          className=""
          data-icon="forward"
          fill="currentColor"
          height="1em"
          onClick={undefined}
          style={undefined}
          viewBox="0 0 1024 1024"
          width="1em"
        >
          <path
            d="M575.1 106.1l436.2 375.4c16.9 15.7 16.9 43.3 0 59L575.1 917.9c-24.4 22.8-63.1 4.7-63.1-29.5V135.6c0-34.1 38.7-52.2 63.1-29.5zM63.1 106.1l436.2 375.4c8.4 7.9 12.6 18.7 12.6 29.5s-4.2 21.6-12.6 29.5L63.1 917.9C38.7 940.6 0 922.5 0 888.4V135.7c0-34.2 38.7-52.3 63.1-29.6z"
          />
        </svg>
      </i>
    </button>
    <button
      className="ant-btn"
      onClick={[Function]}
      type="button"
    >
      <i
        className="fas fa-redo-alt"
        style={
          Object {
            "color": "grey",
          }
        }
      />
    </button>
  </div>
</div>
`;
